=== Task Queue Execution Started: Sun Feb  8 08:54:32 AM CET 2026 ===
[2026-02-08 08:54:32] Found 4 tasks in queue
[SUCCESS] Automation mode activated!
[2026-02-08 08:54:51] Task queue location: /home/m/development/DatingAppController/.ai-workspace/task-queue.json
[2026-02-08 08:54:51] Working directory: /home/m/development/DatingAppController/repos/mobile_dejtingapp
[2026-02-08 08:54:51] Execution log: /home/m/development/DatingAppController/.ai-workspace/execution.log
[2026-02-08 08:54:51] 
[2026-02-08 08:54:51] 🤖 AI: Please process the task queue now!
[2026-02-08 08:54:51]    1. Read tasks from: /home/m/development/DatingAppController/.ai-workspace/task-queue.json
[2026-02-08 08:54:51]    2. For each task in queue[]:
[2026-02-08 08:54:51]       - Move to inProgress[]
[2026-02-08 08:54:51]       - Implement the screen per specification
[2026-02-08 08:54:51]       - Run testCommand to validate
[2026-02-08 08:54:51]       - Commit with: 'feat(onboarding): Add [title] ([id])'
[2026-02-08 08:54:51]       - Move to completed[]
[2026-02-08 08:54:51]    3. Update task-queue.json after each task
[2026-02-08 08:54:51] 
[2026-02-08 08:54:51] Task execution ready. AI should now begin implementation...
[SUCCESS] Monitoring stopped. Check execution.log for progress.
[2026-02-08 10:45:33] 🤖 AI AUTONOMOUS MODE ACTIVATED - Beginning task processing
[2026-02-08 10:45:33] Starting TASK 1/4: ONB-050 - Community Guidelines Screen
[2026-02-08 10:47:12] Task ONB-050 moved to inProgress
[2026-02-08 10:47:13] Created wizard directory
[2026-02-08 10:47:50] Created community_guidelines_screen.dart
Resolving dependencies...
Downloading packages...
  _fe_analyzer_shared 88.0.0 (94.0.0 available)
  analyzer 8.1.1 (10.0.2 available)
  build 4.0.0 (4.0.4 available)
  build_daemon 4.0.4 (4.1.1 available)
  build_runner 2.8.0 (2.11.0 available)
  built_value 8.12.0 (8.12.3 available)
  cached_network_image 3.3.1 (3.4.1 available)
  cached_network_image_platform_interface 4.0.0 (4.1.1 available)
  cached_network_image_web 1.2.0 (1.3.1 available)
  characters 1.4.0 (1.4.1 available)
  code_builder 4.11.0 (4.11.1 available)
  cross_file 0.3.4+2 (0.3.5+2 available)
  crypto 3.0.6 (3.0.7 available)
  dart_style 3.1.2 (3.1.5 available)
  dio 5.9.0 (5.9.1 available)
  ffi 2.1.4 (2.1.5 available)
  file_picker 6.2.1 (10.3.10 available)
  file_selector_linux 0.9.3+2 (0.9.4 available)
  file_selector_macos 0.9.4+4 (0.9.5 available)
  file_selector_platform_interface 2.6.2 (2.7.0 available)
  file_selector_windows 0.9.3+4 (0.9.3+5 available)
  flutter_cache_manager 3.3.1 (3.4.1 available)
  flutter_lints 5.0.0 (6.0.0 available)
  flutter_plugin_android_lifecycle 2.0.29 (2.0.33 available)
  flutter_secure_storage 9.2.4 (10.0.0 available)
  flutter_secure_storage_linux 1.2.3 (3.0.0 available)
  flutter_secure_storage_macos 3.1.3 (4.0.0 available)
  flutter_secure_storage_platform_interface 1.1.2 (2.0.1 available)
  flutter_secure_storage_web 1.2.1 (2.1.0 available)
  flutter_secure_storage_windows 3.1.2 (4.1.0 available)
  http 1.5.0 (1.6.0 available)
  image_picker 1.2.0 (1.2.1 available)
  image_picker_android 0.8.13 (0.8.13+13 available)
  image_picker_for_web 3.1.0 (3.1.1 available)
  image_picker_ios 0.8.13 (0.8.13+6 available)
  image_picker_macos 0.2.2 (0.2.2+1 available)
  image_picker_platform_interface 2.11.0 (2.11.1 available)
  js 0.6.7 (0.7.2 available)
  json_annotation 4.9.0 (4.10.0 available)
  leak_tracker 10.0.9 (11.0.2 available)
  leak_tracker_flutter_testing 3.0.9 (3.0.10 available)
  leak_tracker_testing 3.0.1 (3.0.2 available)
  lints 5.1.1 (6.1.0 available)
  logger 2.6.1 (2.6.2 available)
  matcher 0.12.17 (0.12.18 available)
  material_color_utilities 0.11.1 (0.13.0 available)
  meta 1.16.0 (1.18.1 available)
  mime 1.0.6 (2.0.0 available)
  mockito 5.5.1 (5.6.3 available)
  path_provider_android 2.2.17 (2.2.22 available)
  path_provider_foundation 2.4.1 (2.6.0 available)
  pool 1.5.1 (1.5.2 available)
  process 5.0.3 (5.0.5 available)
  rxdart 0.27.7 (0.28.0 available)
  signalr_netcore 1.3.7 (1.4.4 available)
  source_gen 4.0.1 (4.2.0 available)
  source_span 1.10.1 (1.10.2 available)
  sqflite_android 2.4.1 (2.4.2+2 available)
  test_api 0.7.4 (0.7.9 available)
  url_launcher_android 6.3.20 (6.3.28 available)
  url_launcher_ios 6.3.4 (6.3.6 available)
  url_launcher_linux 3.2.1 (3.2.2 available)
  url_launcher_macos 3.2.3 (3.2.5 available)
  url_launcher_web 2.4.1 (2.4.2 available)
  url_launcher_windows 3.1.4 (3.1.5 available)
  uuid 3.0.7 (4.5.2 available)
  vector_math 2.1.4 (2.2.0 available)
  vm_service 15.0.0 (15.0.2 available)
  watcher 1.1.3 (1.2.1 available)
  web_socket_channel 2.4.0 (3.0.3 available)
  win32 5.13.0 (5.15.0 available)
Got dependencies!
71 packages have newer versions incompatible with dependency constraints.
Try `flutter pub outdated` for more information.
Package file_picker:linux references file_picker:linux as the default plugin, but it does not provide an inline implementation.
Ask the maintainers of file_picker to either avoid referencing a default implementation via `platforms: linux: default_package: file_picker` or add an inline implementation to file_picker via `platforms: linux:` `pluginClass` or `dartPluginClass`.

Package file_picker:macos references file_picker:macos as the default plugin, but it does not provide an inline implementation.
Ask the maintainers of file_picker to either avoid referencing a default implementation via `platforms: macos: default_package: file_picker` or add an inline implementation to file_picker via `platforms: macos:` `pluginClass` or `dartPluginClass`.

Package file_picker:windows references file_picker:windows as the default plugin, but it does not provide an inline implementation.
Ask the maintainers of file_picker to either avoid referencing a default implementation via `platforms: windows: default_package: file_picker` or add an inline implementation to file_picker via `platforms: windows:` `pluginClass` or `dartPluginClass`.

Package file_picker:linux references file_picker:linux as the default plugin, but it does not provide an inline implementation.
Ask the maintainers of file_picker to either avoid referencing a default implementation via `platforms: linux: default_package: file_picker` or add an inline implementation to file_picker via `platforms: linux:` `pluginClass` or `dartPluginClass`.

Package file_picker:macos references file_picker:macos as the default plugin, but it does not provide an inline implementation.
Ask the maintainers of file_picker to either avoid referencing a default implementation via `platforms: macos: default_package: file_picker` or add an inline implementation to file_picker via `platforms: macos:` `pluginClass` or `dartPluginClass`.

Package file_picker:windows references file_picker:windows as the default plugin, but it does not provide an inline implementation.
Ask the maintainers of file_picker to either avoid referencing a default implementation via `platforms: windows: default_package: file_picker` or add an inline implementation to file_picker via `platforms: windows:` `pluginClass` or `dartPluginClass`.

Package file_picker:linux references file_picker:linux as the default plugin, but it does not provide an inline implementation.
Ask the maintainers of file_picker to either avoid referencing a default implementation via `platforms: linux: default_package: file_picker` or add an inline implementation to file_picker via `platforms: linux:` `pluginClass` or `dartPluginClass`.

Package file_picker:macos references file_picker:macos as the default plugin, but it does not provide an inline implementation.
Ask the maintainers of file_picker to either avoid referencing a default implementation via `platforms: macos: default_package: file_picker` or add an inline implementation to file_picker via `platforms: macos:` `pluginClass` or `dartPluginClass`.

Package file_picker:windows references file_picker:windows as the default plugin, but it does not provide an inline implementation.
Ask the maintainers of file_picker to either avoid referencing a default implementation via `platforms: windows: default_package: file_picker` or add an inline implementation to file_picker via `platforms: windows:` `pluginClass` or `dartPluginClass`.

Analyzing community_guidelines_screen.dart...                   
No issues found! (ran in 1.3s)
[2026-02-08 10:48:18] ONB-050 committed successfully
[2026-02-08 10:48:35] Task ONB-050 COMPLETED - commit: 7495ed98e67aa44472ab9568db91a7c1c6a7943a
[2026-02-08 10:48:35] Starting TASK 2/4: ONB-060 - First Name Entry Screen
