nohup: ignoring input
[2026-02-17 07:13:29] 🌙 Starting overnight batch processing...
[2026-02-17 07:13:29] Queue: .ai-workspace/task-queue.json
[2026-02-17 07:13:29] Tasks to process: 4
[2026-02-17 07:13:29] ━━━━━━━━━━━━━━━━━━━━━━━━━━━━━━━━━━━━━━━━
[2026-02-17 07:13:29] Processing task 1/4: BE-001 — Read Receipts DTO + Endpoint
Processing: BE-001 - Read Receipts DTO + Endpoint (service=messaging-service, type=backend)
Using 2 pre-built backend templates for BE-001
Traceback (most recent call last):
  File "/home/m/development/DatingAppController/scripts/process-next-task.py", line 505, in <module>
    main()
  File "/home/m/development/DatingAppController/scripts/process-next-task.py", line 322, in main
    dest = repo_dir / task["filePath"]
                      ~~~~^^^^^^^^^^^^
KeyError: 'filePath'
[2026-02-17 07:13:31] ❌ BE-001 failed (recorded in failed[])
[2026-02-17 07:13:33] ━━━━━━━━━━━━━━━━━━━━━━━━━━━━━━━━━━━━━━━━
[2026-02-17 07:13:33] Processing task 1/4: BE-001 — Read Receipts DTO + Endpoint
Processing: BE-001 - Read Receipts DTO + Endpoint (service=messaging-service, type=backend)
Using 2 pre-built backend templates for BE-001
Traceback (most recent call last):
  File "/home/m/development/DatingAppController/scripts/process-next-task.py", line 505, in <module>
    main()
  File "/home/m/development/DatingAppController/scripts/process-next-task.py", line 322, in main
    dest = repo_dir / task["filePath"]
                      ~~~~^^^^^^^^^^^^
KeyError: 'filePath'
[2026-02-17 07:13:34] ❌ BE-001 failed (recorded in failed[])
[2026-02-17 07:13:36] ━━━━━━━━━━━━━━━━━━━━━━━━━━━━━━━━━━━━━━━━
[2026-02-17 07:13:36] Processing task 1/4: BE-001 — Read Receipts DTO + Endpoint
Processing: BE-001 - Read Receipts DTO + Endpoint (service=messaging-service, type=backend)
Using 2 pre-built backend templates for BE-001
Traceback (most recent call last):
  File "/home/m/development/DatingAppController/scripts/process-next-task.py", line 505, in <module>
    main()
  File "/home/m/development/DatingAppController/scripts/process-next-task.py", line 322, in main
    dest = repo_dir / task["filePath"]
                      ~~~~^^^^^^^^^^^^
KeyError: 'filePath'
[2026-02-17 07:13:37] ❌ BE-001 failed (recorded in failed[])
[2026-02-17 07:13:37] ⚠️ 3+ failures — stopping to avoid further issues
[2026-02-17 07:13:37] 
[2026-02-17 07:13:37] ━━━━━━━━━━━━━━━━━━━━━━━━━━━━━━━━━━━━━━━━
[2026-02-17 07:13:37] 🌅 OVERNIGHT RUN COMPLETE
[2026-02-17 07:13:37]   Processed: 0
[2026-02-17 07:13:37]   Failed: 3
[2026-02-17 07:13:37]   Check PRs: gh pr list --repo best-koder-org/*
[2026-02-17 07:13:37] ━━━━━━━━━━━━━━━━━━━━━━━━━━━━━━━━━━━━━━━━
